\BOOKMARK [0][-]{chapter.1}{\376\377\000F\000e\000a\000t\000u\000r\000e\000s}{}% 1
\BOOKMARK [0][-]{chapter.2}{\376\377\000Q\000u\000i\000c\000k\000\040\000S\000t\000a\000r\000t}{}% 2
\BOOKMARK [0][-]{chapter.3}{\376\377\000I\000n\000s\000t\000a\000l\000l\000a\000t\000i\000o\000n}{}% 3
\BOOKMARK [0][-]{chapter.4}{\376\377\000R\000e\000q\000u\000i\000r\000e\000m\000e\000n\000t\000s}{}% 4
\BOOKMARK [0][-]{chapter.5}{\376\377\000O\000p\000t\000i\000o\000n\000a\000l\000\040\000D\000e\000p\000e\000n\000d\000e\000n\000c\000i\000e\000s}{}% 5
\BOOKMARK [0][-]{chapter.6}{\376\377\000C\000o\000n\000t\000e\000n\000t\000s}{}% 6
\BOOKMARK [1][-]{section.6.1}{\376\377\000I\000n\000s\000t\000a\000l\000l\000a\000t\000i\000o\000n}{chapter.6}% 7
\BOOKMARK [2][-]{subsection.6.1.1}{\376\377\000P\000r\000e\000r\000e\000q\000u\000i\000s\000i\000t\000e\000s}{section.6.1}% 8
\BOOKMARK [2][-]{subsection.6.1.2}{\376\377\000P\000l\000a\000t\000f\000o\000r\000m\000-\000S\000p\000e\000c\000i\000f\000i\000c\000\040\000R\000e\000q\000u\000i\000r\000e\000m\000e\000n\000t\000s}{section.6.1}% 9
\BOOKMARK [3][-]{subsubsection*.3}{\376\377\000W\000i\000n\000d\000o\000w\000s}{subsection.6.1.2}% 10
\BOOKMARK [3][-]{subsubsection*.4}{\376\377\000m\000a\000c\000O\000S}{subsection.6.1.2}% 11
\BOOKMARK [3][-]{subsubsection*.5}{\376\377\000L\000i\000n\000u\000x\000\040\000\050\000U\000b\000u\000n\000t\000u\000/\000D\000e\000b\000i\000a\000n\000\051}{subsection.6.1.2}% 12
\BOOKMARK [3][-]{subsubsection*.6}{\376\377\000L\000i\000n\000u\000x\000\040\000\050\000C\000e\000n\000t\000O\000S\000/\000R\000H\000E\000L\000/\000F\000e\000d\000o\000r\000a\000\051}{subsection.6.1.2}% 13
\BOOKMARK [2][-]{subsection.6.1.3}{\376\377\000I\000n\000s\000t\000a\000l\000l\000a\000t\000i\000o\000n\000\040\000M\000e\000t\000h\000o\000d\000s}{section.6.1}% 14
\BOOKMARK [3][-]{subsubsection*.7}{\376\377\000F\000r\000o\000m\000\040\000P\000y\000P\000I\000\040\000\050\000R\000e\000c\000o\000m\000m\000e\000n\000d\000e\000d\000\051\000\040\000r\000e\000d\000*\000C\000o\000m\000i\000n\000g\000\040\000S\000o\000o\000n\000!}{subsection.6.1.3}% 15
\BOOKMARK [3][-]{subsubsection*.8}{\376\377\000F\000r\000o\000m\000\040\000S\000o\000u\000r\000c\000e}{subsection.6.1.3}% 16
\BOOKMARK [3][-]{subsubsection*.9}{\376\377\000F\000r\000o\000m\000\040\000C\000o\000n\000d\000a\000\040\000r\000e\000d\000*\000C\000o\000m\000i\000n\000g\000\040\000S\000o\000o\000n\000!}{subsection.6.1.3}% 17
\BOOKMARK [2][-]{subsection.6.1.4}{\376\377\000D\000e\000p\000e\000n\000d\000e\000n\000c\000i\000e\000s}{section.6.1}% 18
\BOOKMARK [3][-]{subsubsection*.10}{\376\377\000C\000o\000r\000e\000\040\000D\000e\000p\000e\000n\000d\000e\000n\000c\000i\000e\000s}{subsection.6.1.4}% 19
\BOOKMARK [3][-]{subsubsection*.11}{\376\377\000O\000p\000t\000i\000o\000n\000a\000l\000\040\000D\000e\000p\000e\000n\000d\000e\000n\000c\000i\000e\000s}{subsection.6.1.4}% 20
\BOOKMARK [3][-]{subsubsection*.12}{\376\377\000D\000e\000v\000e\000l\000o\000p\000m\000e\000n\000t\000\040\000D\000e\000p\000e\000n\000d\000e\000n\000c\000i\000e\000s}{subsection.6.1.4}% 21
\BOOKMARK [2][-]{subsection.6.1.5}{\376\377\000I\000n\000s\000t\000a\000l\000l\000a\000t\000i\000o\000n\000\040\000V\000e\000r\000i\000f\000i\000c\000a\000t\000i\000o\000n}{section.6.1}% 22
\BOOKMARK [2][-]{subsection.6.1.6}{\376\377\000T\000r\000o\000u\000b\000l\000e\000s\000h\000o\000o\000t\000i\000n\000g}{section.6.1}% 23
\BOOKMARK [3][-]{subsubsection*.13}{\376\377\000C\000o\000m\000m\000o\000n\000\040\000I\000s\000s\000u\000e\000s}{subsection.6.1.6}% 24
\BOOKMARK [3][-]{subsubsection*.14}{\376\377\000m\000a\000c\000O\000S\000\040\000S\000p\000e\000c\000i\000f\000i\000c\000\040\000I\000s\000s\000u\000e\000s}{subsection.6.1.6}% 25
\BOOKMARK [3][-]{subsubsection*.15}{\376\377\000W\000i\000n\000d\000o\000w\000s\000\040\000S\000p\000e\000c\000i\000f\000i\000c\000\040\000I\000s\000s\000u\000e\000s}{subsection.6.1.6}% 26
\BOOKMARK [3][-]{subsubsection*.16}{\376\377\000L\000i\000n\000u\000x\000\040\000S\000p\000e\000c\000i\000f\000i\000c\000\040\000I\000s\000s\000u\000e\000s}{subsection.6.1.6}% 27
\BOOKMARK [2][-]{subsection.6.1.7}{\376\377\000G\000e\000t\000t\000i\000n\000g\000\040\000H\000e\000l\000p}{section.6.1}% 28
\BOOKMARK [2][-]{subsection.6.1.8}{\376\377\000S\000y\000s\000t\000e\000m\000\040\000I\000n\000f\000o\000r\000m\000a\000t\000i\000o\000n}{section.6.1}% 29
\BOOKMARK [1][-]{section.6.2}{\376\377\000Q\000u\000i\000c\000k\000\040\000S\000t\000a\000r\000t\000\040\000G\000u\000i\000d\000e}{chapter.6}% 30
\BOOKMARK [2][-]{subsection.6.2.1}{\376\377\000P\000r\000e\000r\000e\000q\000u\000i\000s\000i\000t\000e\000s}{section.6.2}% 31
\BOOKMARK [2][-]{subsection.6.2.2}{\376\377\000Y\000o\000u\000r\000\040\000F\000i\000r\000s\000t\000\040\000P\000i\000c\000o\000G\000L\000\040\000P\000r\000o\000g\000r\000a\000m}{section.6.2}% 32
\BOOKMARK [2][-]{subsection.6.2.3}{\376\377\000U\000n\000d\000e\000r\000s\000t\000a\000n\000d\000i\000n\000g\000\040\000t\000h\000e\000\040\000C\000o\000d\000e}{section.6.2}% 33
\BOOKMARK [2][-]{subsection.6.2.4}{\376\377\000K\000e\000y\000\040\000C\000o\000n\000c\000e\000p\000t\000s}{section.6.2}% 34
\BOOKMARK [3][-]{subsubsection*.17}{\376\377\000M\000e\000s\000h\000D\000a\000t\000a}{subsection.6.2.4}% 35
\BOOKMARK [3][-]{subsubsection*.18}{\376\377\000R\000e\000n\000d\000e\000r\000W\000i\000n\000d\000o\000w}{subsection.6.2.4}% 36
\BOOKMARK [2][-]{subsection.6.2.5}{\376\377\000I\000n\000t\000e\000r\000a\000c\000t\000i\000v\000e\000\040\000C\000o\000n\000t\000r\000o\000l\000s}{section.6.2}% 37
\BOOKMARK [2][-]{subsection.6.2.6}{\376\377\000A\000d\000d\000i\000n\000g\000\040\000M\000o\000r\000e\000\040\000F\000e\000a\000t\000u\000r\000e\000s}{section.6.2}% 38
\BOOKMARK [3][-]{subsubsection*.19}{\376\377\000T\000e\000x\000t\000u\000r\000e\000s}{subsection.6.2.6}% 39
\BOOKMARK [3][-]{subsubsection*.20}{\376\377\000L\000i\000g\000h\000t\000i\000n\000g}{subsection.6.2.6}% 40
\BOOKMARK [3][-]{subsubsection*.21}{\376\377\000M\000u\000l\000t\000i\000p\000l\000e\000\040\000O\000b\000j\000e\000c\000t\000s}{subsection.6.2.6}% 41
\BOOKMARK [2][-]{subsection.6.2.7}{\376\377\000L\000e\000g\000a\000c\000y\000\040\000C\000o\000m\000p\000a\000t\000i\000b\000i\000l\000i\000t\000y}{section.6.2}% 42
\BOOKMARK [2][-]{subsection.6.2.8}{\376\377\000C\000o\000m\000m\000o\000n\000\040\000I\000s\000s\000u\000e\000s}{section.6.2}% 43
\BOOKMARK [2][-]{subsection.6.2.9}{\376\377\000N\000e\000x\000t\000\040\000S\000t\000e\000p\000s}{section.6.2}% 44
\BOOKMARK [2][-]{subsection.6.2.10}{\376\377\000E\000x\000a\000m\000p\000l\000e\000s\000\040\000t\000o\000\040\000T\000r\000y}{section.6.2}% 45
\BOOKMARK [2][-]{subsection.6.2.11}{\376\377\000T\000r\000o\000u\000b\000l\000e\000s\000h\000o\000o\000t\000i\000n\000g}{section.6.2}% 46
\BOOKMARK [1][-]{section.6.3}{\376\377\000E\000x\000a\000m\000p\000l\000e\000s}{chapter.6}% 47
\BOOKMARK [2][-]{subsection.6.3.1}{\376\377\000B\000a\000s\000i\000c\000\040\000E\000x\000a\000m\000p\000l\000e\000s}{section.6.3}% 48
\BOOKMARK [3][-]{subsubsection*.22}{\376\377\000C\000u\000b\000e\000\040\000E\000x\000a\000m\000p\000l\000e}{subsection.6.3.1}% 49
\BOOKMARK [3][-]{subsubsection*.23}{\376\377\000T\000e\000a\000p\000o\000t\000\040\000E\000x\000a\000m\000p\000l\000e}{subsection.6.3.1}% 50
\BOOKMARK [2][-]{subsection.6.3.2}{\376\377\000L\000e\000g\000a\000c\000y\000\040\000E\000x\000a\000m\000p\000l\000e\000s}{section.6.3}% 51
\BOOKMARK [3][-]{subsubsection*.24}{\376\377\000L\000e\000g\000a\000c\000y\000\040\000C\000u\000b\000e\000\040\000\050\000M\000i\000n\000i\000m\000a\000l\000\051}{subsection.6.3.2}% 52
\BOOKMARK [3][-]{subsubsection*.25}{\376\377\000L\000e\000g\000a\000c\000y\000\040\000C\000u\000b\000e\000\040\000\050\000F\000i\000x\000e\000d\000\051}{subsection.6.3.2}% 53
\BOOKMARK [3][-]{subsubsection*.26}{\376\377\000L\000e\000g\000a\000c\000y\000\040\000T\000e\000a\000p\000o\000t\000\040\000\050\000M\000i\000n\000i\000m\000a\000l\000\051}{subsection.6.3.2}% 54
\BOOKMARK [3][-]{subsubsection*.27}{\376\377\000L\000e\000g\000a\000c\000y\000\040\000T\000e\000a\000p\000o\000t\000\040\000\050\000F\000i\000x\000e\000d\000\051}{subsection.6.3.2}% 55
\BOOKMARK [2][-]{subsection.6.3.3}{\376\377\000A\000d\000v\000a\000n\000c\000e\000d\000\040\000E\000x\000a\000m\000p\000l\000e\000s}{section.6.3}% 56
\BOOKMARK [3][-]{subsubsection*.28}{\376\377\000M\000o\000l\000e\000c\000u\000l\000a\000r\000\040\000V\000i\000s\000u\000a\000l\000i\000z\000a\000t\000i\000o\000n}{subsection.6.3.3}% 57
\BOOKMARK [3][-]{subsubsection*.29}{\376\377\000T\000e\000x\000t\000u\000r\000e\000\040\000E\000x\000a\000m\000p\000l\000e\000s}{subsection.6.3.3}% 58
\BOOKMARK [3][-]{subsubsection*.30}{\376\377\000S\000h\000a\000d\000e\000r\000\040\000E\000x\000a\000m\000p\000l\000e\000s}{subsection.6.3.3}% 59
\BOOKMARK [2][-]{subsection.6.3.4}{\376\377\000U\000t\000i\000l\000i\000t\000y\000\040\000E\000x\000a\000m\000p\000l\000e\000s}{section.6.3}% 60
\BOOKMARK [3][-]{subsubsection*.31}{\376\377\000M\000e\000s\000h\000\040\000V\000i\000e\000w\000e\000r}{subsection.6.3.4}% 61
\BOOKMARK [3][-]{subsubsection*.32}{\376\377\000T\000e\000s\000t\000\040\000W\000i\000n\000d\000o\000w}{subsection.6.3.4}% 62
\BOOKMARK [2][-]{subsection.6.3.5}{\376\377\000R\000u\000n\000n\000i\000n\000g\000\040\000E\000x\000a\000m\000p\000l\000e\000s}{section.6.3}% 63
\BOOKMARK [3][-]{subsubsection*.33}{\376\377\000P\000r\000e\000r\000e\000q\000u\000i\000s\000i\000t\000e\000s}{subsection.6.3.5}% 64
\BOOKMARK [3][-]{subsubsection*.34}{\376\377\000B\000a\000s\000i\000c\000\040\000U\000s\000a\000g\000e}{subsection.6.3.5}% 65
\BOOKMARK [3][-]{subsubsection*.35}{\376\377\000I\000n\000t\000e\000r\000a\000c\000t\000i\000v\000e\000\040\000C\000o\000n\000t\000r\000o\000l\000s}{subsection.6.3.5}% 66
\BOOKMARK [2][-]{subsection.6.3.6}{\376\377\000T\000r\000o\000u\000b\000l\000e\000s\000h\000o\000o\000t\000i\000n\000g\000\040\000E\000x\000a\000m\000p\000l\000e\000s}{section.6.3}% 67
\BOOKMARK [3][-]{subsubsection*.36}{\376\377\000C\000o\000m\000m\000o\000n\000\040\000I\000s\000s\000u\000e\000s}{subsection.6.3.6}% 68
\BOOKMARK [3][-]{subsubsection*.37}{\376\377\000P\000l\000a\000t\000f\000o\000r\000m\000-\000S\000p\000e\000c\000i\000f\000i\000c\000\040\000I\000s\000s\000u\000e\000s}{subsection.6.3.6}% 69
\BOOKMARK [4][-]{paragraph*.38}{\376\377\000m\000a\000c\000O\000S}{subsubsection*.37}% 70
\BOOKMARK [4][-]{paragraph*.39}{\376\377\000W\000i\000n\000d\000o\000w\000s}{subsubsection*.37}% 71
\BOOKMARK [4][-]{paragraph*.40}{\376\377\000L\000i\000n\000u\000x}{subsubsection*.37}% 72
\BOOKMARK [2][-]{subsection.6.3.7}{\376\377\000E\000x\000a\000m\000p\000l\000e\000\040\000S\000e\000l\000e\000c\000t\000i\000o\000n\000\040\000G\000u\000i\000d\000e}{section.6.3}% 73
\BOOKMARK [2][-]{subsection.6.3.8}{\376\377\000C\000u\000s\000t\000o\000m\000i\000z\000i\000n\000g\000\040\000E\000x\000a\000m\000p\000l\000e\000s}{section.6.3}% 74
\BOOKMARK [2][-]{subsection.6.3.9}{\376\377\000C\000o\000n\000t\000r\000i\000b\000u\000t\000i\000n\000g\000\040\000E\000x\000a\000m\000p\000l\000e\000s}{section.6.3}% 75
\BOOKMARK [1][-]{section.6.4}{\376\377\000L\000e\000g\000a\000c\000y\000\040\000E\000x\000a\000m\000p\000l\000e\000s}{chapter.6}% 76
\BOOKMARK [2][-]{subsection.6.4.1}{\376\377\000O\000v\000e\000r\000v\000i\000e\000w}{section.6.4}% 77
\BOOKMARK [2][-]{subsection.6.4.2}{\376\377\000W\000h\000y\000\040\000L\000e\000g\000a\000c\000y\000\040\000E\000x\000a\000m\000p\000l\000e\000s\000?}{section.6.4}% 78
\BOOKMARK [2][-]{subsection.6.4.3}{\376\377\000L\000e\000g\000a\000c\000y\000\040\000T\000e\000a\000p\000o\000t\000\040\000E\000x\000a\000m\000p\000l\000e\000s}{section.6.4}% 79
\BOOKMARK [3][-]{subsubsection*.41}{\376\377\000L\000e\000g\000a\000c\000y\000\040\000T\000e\000a\000p\000o\000t\000\040\000\050\000M\000i\000n\000i\000m\000a\000l\000\051}{subsection.6.4.3}% 80
\BOOKMARK [3][-]{subsubsection*.42}{\376\377\000L\000e\000g\000a\000c\000y\000\040\000T\000e\000a\000p\000o\000t\000\040\000\050\000F\000i\000x\000e\000d\000\051}{subsection.6.4.3}% 81
\BOOKMARK [2][-]{subsection.6.4.4}{\376\377\000L\000e\000g\000a\000c\000y\000\040\000C\000u\000b\000e\000\040\000E\000x\000a\000m\000p\000l\000e\000s}{section.6.4}% 82
\BOOKMARK [3][-]{subsubsection*.43}{\376\377\000L\000e\000g\000a\000c\000y\000\040\000C\000u\000b\000e\000\040\000\050\000M\000i\000n\000i\000m\000a\000l\000\051}{subsection.6.4.4}% 83
\BOOKMARK [3][-]{subsubsection*.44}{\376\377\000L\000e\000g\000a\000c\000y\000\040\000C\000u\000b\000e\000\040\000\050\000F\000i\000x\000e\000d\000\051}{subsection.6.4.4}% 84
\BOOKMARK [2][-]{subsection.6.4.5}{\376\377\000D\000i\000a\000g\000n\000o\000s\000t\000i\000c\000\040\000T\000o\000o\000l\000s}{section.6.4}% 85
\BOOKMARK [3][-]{subsubsection*.45}{\376\377\000O\000p\000e\000n\000G\000L\000\040\000S\000e\000t\000u\000p\000\040\000T\000e\000s\000t}{subsection.6.4.5}% 86
\BOOKMARK [3][-]{subsubsection*.46}{\376\377\000C\000u\000b\000e\000\040\000D\000a\000t\000a\000\040\000T\000e\000s\000t}{subsection.6.4.5}% 87
\BOOKMARK [2][-]{subsection.6.4.6}{\376\377\000I\000n\000s\000t\000a\000l\000l\000a\000t\000i\000o\000n\000\040\000a\000n\000d\000\040\000S\000e\000t\000u\000p}{section.6.4}% 88
\BOOKMARK [3][-]{subsubsection*.47}{\376\377\000P\000r\000e\000r\000e\000q\000u\000i\000s\000i\000t\000e\000s}{subsection.6.4.6}% 89
\BOOKMARK [3][-]{subsubsection*.48}{\376\377\000I\000n\000s\000t\000a\000l\000l\000a\000t\000i\000o\000n}{subsection.6.4.6}% 90
\BOOKMARK [3][-]{subsubsection*.49}{\376\377\000P\000l\000a\000t\000f\000o\000r\000m\000-\000S\000p\000e\000c\000i\000f\000i\000c\000\040\000S\000e\000t\000u\000p}{subsection.6.4.6}% 91
\BOOKMARK [4][-]{paragraph*.50}{\376\377\000m\000a\000c\000O\000S}{subsubsection*.49}% 92
\BOOKMARK [4][-]{paragraph*.51}{\376\377\000W\000i\000n\000d\000o\000w\000s}{subsubsection*.49}% 93
\BOOKMARK [4][-]{paragraph*.52}{\376\377\000L\000i\000n\000u\000x}{subsubsection*.49}% 94
\BOOKMARK [2][-]{subsection.6.4.7}{\376\377\000T\000r\000o\000u\000b\000l\000e\000s\000h\000o\000o\000t\000i\000n\000g}{section.6.4}% 95
\BOOKMARK [3][-]{subsubsection*.53}{\376\377\000C\000o\000m\000m\000o\000n\000\040\000I\000s\000s\000u\000e\000s}{subsection.6.4.7}% 96
\BOOKMARK [3][-]{subsubsection*.54}{\376\377\000m\000a\000c\000O\000S\000\040\000S\000p\000e\000c\000i\000f\000i\000c\000\040\000I\000s\000s\000u\000e\000s}{subsection.6.4.7}% 97
\BOOKMARK [3][-]{subsubsection*.55}{\376\377\000W\000i\000n\000d\000o\000w\000s\000\040\000S\000p\000e\000c\000i\000f\000i\000c\000\040\000I\000s\000s\000u\000e\000s}{subsection.6.4.7}% 98
\BOOKMARK [3][-]{subsubsection*.56}{\376\377\000L\000i\000n\000u\000x\000\040\000S\000p\000e\000c\000i\000f\000i\000c\000\040\000I\000s\000s\000u\000e\000s}{subsection.6.4.7}% 99
\BOOKMARK [2][-]{subsection.6.4.8}{\376\377\000P\000e\000r\000f\000o\000r\000m\000a\000n\000c\000e\000\040\000N\000o\000t\000e\000s}{section.6.4}% 100
\BOOKMARK [2][-]{subsection.6.4.9}{\376\377\000C\000h\000o\000o\000s\000i\000n\000g\000\040\000t\000h\000e\000\040\000R\000i\000g\000h\000t\000\040\000V\000e\000r\000s\000i\000o\000n}{section.6.4}% 101
\BOOKMARK [2][-]{subsection.6.4.10}{\376\377\000D\000e\000v\000e\000l\000o\000p\000m\000e\000n\000t\000\040\000N\000o\000t\000e\000s}{section.6.4}% 102
\BOOKMARK [2][-]{subsection.6.4.11}{\376\377\000L\000i\000c\000e\000n\000s\000e}{section.6.4}% 103
\BOOKMARK [1][-]{section.6.5}{\376\377\000T\000r\000o\000u\000b\000l\000e\000s\000h\000o\000o\000t\000i\000n\000g}{chapter.6}% 104
\BOOKMARK [2][-]{subsection.6.5.1}{\376\377\000C\000o\000m\000m\000o\000n\000\040\000I\000s\000s\000u\000e\000s}{section.6.5}% 105
\BOOKMARK [3][-]{subsubsection*.57}{\376\377\000I\000n\000s\000t\000a\000l\000l\000a\000t\000i\000o\000n\000\040\000P\000r\000o\000b\000l\000e\000m\000s}{subsection.6.5.1}% 106
\BOOKMARK [3][-]{subsubsection*.58}{\376\377\000O\000p\000e\000n\000G\000L\000\040\000C\000o\000n\000t\000e\000x\000t\000\040\000I\000s\000s\000u\000e\000s}{subsection.6.5.1}% 107
\BOOKMARK [3][-]{subsubsection*.59}{\376\377\000S\000h\000a\000d\000e\000r\000\040\000C\000o\000m\000p\000i\000l\000a\000t\000i\000o\000n\000\040\000I\000s\000s\000u\000e\000s}{subsection.6.5.1}% 108
\BOOKMARK [2][-]{subsection.6.5.2}{\376\377\000P\000l\000a\000t\000f\000o\000r\000m\000-\000S\000p\000e\000c\000i\000f\000i\000c\000\040\000I\000s\000s\000u\000e\000s}{section.6.5}% 109
\BOOKMARK [3][-]{subsubsection*.60}{\376\377\000m\000a\000c\000O\000S\000\040\000I\000s\000s\000u\000e\000s}{subsection.6.5.2}% 110
\BOOKMARK [3][-]{subsubsection*.61}{\376\377\000W\000i\000n\000d\000o\000w\000s\000\040\000I\000s\000s\000u\000e\000s}{subsection.6.5.2}% 111
\BOOKMARK [3][-]{subsubsection*.62}{\376\377\000L\000i\000n\000u\000x\000\040\000I\000s\000s\000u\000e\000s}{subsection.6.5.2}% 112
\BOOKMARK [2][-]{subsection.6.5.3}{\376\377\000P\000e\000r\000f\000o\000r\000m\000a\000n\000c\000e\000\040\000I\000s\000s\000u\000e\000s}{section.6.5}% 113
\BOOKMARK [3][-]{subsubsection*.63}{\376\377\000S\000l\000o\000w\000\040\000R\000e\000n\000d\000e\000r\000i\000n\000g}{subsection.6.5.3}% 114
\BOOKMARK [3][-]{subsubsection*.64}{\376\377\000M\000e\000m\000o\000r\000y\000\040\000I\000s\000s\000u\000e\000s}{subsection.6.5.3}% 115
\BOOKMARK [3][-]{subsubsection*.65}{\376\377\000F\000r\000a\000m\000e\000\040\000R\000a\000t\000e\000\040\000I\000s\000s\000u\000e\000s}{subsection.6.5.3}% 116
\BOOKMARK [2][-]{subsection.6.5.4}{\376\377\000D\000e\000b\000u\000g\000g\000i\000n\000g\000\040\000T\000e\000c\000h\000n\000i\000q\000u\000e\000s}{section.6.5}% 117
\BOOKMARK [3][-]{subsubsection*.66}{\376\377\000E\000n\000a\000b\000l\000e\000\040\000D\000e\000b\000u\000g\000\040\000O\000u\000t\000p\000u\000t}{subsection.6.5.4}% 118
\BOOKMARK [3][-]{subsubsection*.67}{\376\377\000U\000s\000e\000\040\000D\000i\000a\000g\000n\000o\000s\000t\000i\000c\000\040\000T\000o\000o\000l\000s}{subsection.6.5.4}% 119
\BOOKMARK [3][-]{subsubsection*.68}{\376\377\000C\000h\000e\000c\000k\000\040\000S\000y\000s\000t\000e\000m\000\040\000I\000n\000f\000o\000r\000m\000a\000t\000i\000o\000n}{subsection.6.5.4}% 120
\BOOKMARK [2][-]{subsection.6.5.5}{\376\377\000C\000o\000m\000m\000o\000n\000\040\000S\000o\000l\000u\000t\000i\000o\000n\000s}{section.6.5}% 121
\BOOKMARK [3][-]{subsubsection*.69}{\376\377\000T\000r\000y\000\040\000L\000e\000g\000a\000c\000y\000\040\000E\000x\000a\000m\000p\000l\000e\000s}{subsection.6.5.5}% 122
\BOOKMARK [3][-]{subsubsection*.70}{\376\377\000U\000p\000d\000a\000t\000e\000\040\000D\000e\000p\000e\000n\000d\000e\000n\000c\000i\000e\000s}{subsection.6.5.5}% 123
\BOOKMARK [3][-]{subsubsection*.71}{\376\377\000C\000h\000e\000c\000k\000\040\000O\000p\000e\000n\000G\000L\000\040\000S\000u\000p\000p\000o\000r\000t}{subsection.6.5.5}% 124
\BOOKMARK [3][-]{subsubsection*.72}{\376\377\000U\000s\000e\000\040\000S\000o\000f\000t\000w\000a\000r\000e\000\040\000R\000e\000n\000d\000e\000r\000i\000n\000g}{subsection.6.5.5}% 125
\BOOKMARK [3][-]{subsubsection*.73}{\376\377\000C\000h\000e\000c\000k\000\040\000D\000i\000s\000p\000l\000a\000y\000\040\000E\000n\000v\000i\000r\000o\000n\000m\000e\000n\000t}{subsection.6.5.5}% 126
\BOOKMARK [2][-]{subsection.6.5.6}{\376\377\000R\000e\000p\000o\000r\000t\000\040\000I\000s\000s\000u\000e\000s}{section.6.5}% 127
\BOOKMARK [2][-]{subsection.6.5.7}{\376\377\000G\000e\000t\000t\000i\000n\000g\000\040\000H\000e\000l\000p}{section.6.5}% 128
\BOOKMARK [1][-]{section.6.6}{\376\377\000R\000e\000n\000d\000e\000r\000e\000r\000\040\000A\000P\000I}{chapter.6}% 129
\BOOKMARK [2][-]{subsection.6.6.1}{\376\377\000C\000o\000r\000e\000\040\000C\000l\000a\000s\000s\000e\000s}{section.6.6}% 130
\BOOKMARK [3][-]{subsubsection*.74}{\376\377\000M\000e\000s\000h\000D\000a\000t\000a}{subsection.6.6.1}% 131
\BOOKMARK [3][-]{subsubsection*.82}{\376\377\000G\000L\000C\000o\000n\000t\000e\000x\000t}{subsection.6.6.1}% 132
\BOOKMARK [2][-]{subsection.6.6.2}{\376\377\000R\000e\000n\000d\000e\000r\000e\000r\000\040\000C\000l\000a\000s\000s\000e\000s}{section.6.6}% 133
\BOOKMARK [3][-]{subsubsection*.94}{\376\377\000O\000b\000j\000e\000c\000t\000R\000e\000n\000d\000e\000r\000e\000r}{subsection.6.6.2}% 134
\BOOKMARK [3][-]{subsubsection*.100}{\376\377\000T\000e\000x\000t\000u\000r\000e\000R\000e\000n\000d\000e\000r\000e\000r}{subsection.6.6.2}% 135
\BOOKMARK [3][-]{subsubsection*.107}{\376\377\000L\000e\000g\000a\000c\000y\000G\000L\000M\000e\000s\000h}{subsection.6.6.2}% 136
\BOOKMARK [3][-]{subsubsection*.108}{\376\377\000G\000L\000M\000e\000s\000h}{subsection.6.6.2}% 137
\BOOKMARK [2][-]{subsection.6.6.3}{\376\377\000B\000a\000s\000e\000\040\000C\000l\000a\000s\000s\000e\000s}{section.6.6}% 138
\BOOKMARK [3][-]{subsubsection*.117}{\376\377\000R\000e\000n\000d\000e\000r\000e\000r\000B\000a\000s\000e}{subsection.6.6.3}% 139
\BOOKMARK [3][-]{subsubsection*.126}{\376\377\000A\000b\000s\000t\000r\000a\000c\000t\000R\000e\000n\000d\000e\000r\000e\000r}{subsection.6.6.3}% 140
\BOOKMARK [2][-]{subsection.6.6.4}{\376\377\000U\000t\000i\000l\000i\000t\000y\000\040\000C\000l\000a\000s\000s\000e\000s}{section.6.6}% 141
\BOOKMARK [3][-]{subsubsection*.131}{\376\377\000U\000v\000R\000e\000n\000d\000e\000r\000e\000r}{subsection.6.6.4}% 142
\BOOKMARK [2][-]{subsection.6.6.5}{\376\377\000D\000a\000t\000a\000\040\000S\000t\000r\000u\000c\000t\000u\000r\000e\000s}{section.6.6}% 143
\BOOKMARK [2][-]{subsection.6.6.6}{\376\377\000R\000e\000n\000d\000e\000r\000i\000n\000g\000\040\000P\000i\000p\000e\000l\000i\000n\000e}{section.6.6}% 144
\BOOKMARK [2][-]{subsection.6.6.7}{\376\377\000E\000r\000r\000o\000r\000\040\000H\000a\000n\000d\000l\000i\000n\000g}{section.6.6}% 145
\BOOKMARK [2][-]{subsection.6.6.8}{\376\377\000P\000e\000r\000f\000o\000r\000m\000a\000n\000c\000e\000\040\000C\000o\000n\000s\000i\000d\000e\000r\000a\000t\000i\000o\000n\000s}{section.6.6}% 146
\BOOKMARK [2][-]{subsection.6.6.9}{\376\377\000B\000e\000s\000t\000\040\000P\000r\000a\000c\000t\000i\000c\000e\000s}{section.6.6}% 147
\BOOKMARK [1][-]{section.6.7}{\376\377\000B\000u\000f\000f\000e\000r\000s\000\040\000A\000P\000I}{chapter.6}% 148
\BOOKMARK [2][-]{subsection.6.7.1}{\376\377\000C\000o\000r\000e\000\040\000C\000l\000a\000s\000s\000e\000s}{section.6.7}% 149
\BOOKMARK [3][-]{subsubsection*.135}{\376\377\000V\000e\000r\000t\000e\000x\000A\000r\000r\000a\000y\000O\000b\000j\000e\000c\000t}{subsection.6.7.1}% 150
\BOOKMARK [3][-]{subsubsection*.151}{\376\377\000V\000e\000r\000t\000e\000x\000B\000u\000f\000f\000e\000r\000G\000r\000o\000u\000p}{subsection.6.7.1}% 151
\BOOKMARK [2][-]{subsection.6.7.2}{\376\377\000B\000u\000f\000f\000e\000r\000\040\000C\000l\000a\000s\000s\000e\000s}{section.6.7}% 152
\BOOKMARK [3][-]{subsubsection*.152}{\376\377\000M\000o\000d\000e\000r\000n\000\040\000B\000u\000f\000f\000e\000r\000s}{subsection.6.7.2}% 153
\BOOKMARK [4][-]{paragraph*.153}{\376\377\000M\000o\000d\000e\000r\000n\000V\000B\000O}{subsubsection*.152}% 154
\BOOKMARK [4][-]{paragraph*.154}{\376\377\000M\000o\000d\000e\000r\000n\000E\000B\000O}{subsubsection*.152}% 155
\BOOKMARK [3][-]{subsubsection*.159}{\376\377\000L\000e\000g\000a\000c\000y\000\040\000B\000u\000f\000f\000e\000r\000s}{subsection.6.7.2}% 156
\BOOKMARK [4][-]{paragraph*.160}{\376\377\000L\000e\000g\000a\000c\000y\000V\000B\000O}{subsubsection*.159}% 157
\BOOKMARK [4][-]{paragraph*.161}{\376\377\000L\000e\000g\000a\000c\000y\000P\000o\000s\000i\000t\000i\000o\000n\000V\000B\000O}{subsubsection*.159}% 158
\BOOKMARK [4][-]{paragraph*.162}{\376\377\000L\000e\000g\000a\000c\000y\000C\000o\000l\000o\000r\000V\000B\000O}{subsubsection*.159}% 159
\BOOKMARK [4][-]{paragraph*.163}{\376\377\000L\000e\000g\000a\000c\000y\000N\000o\000r\000m\000a\000l\000V\000B\000O}{subsubsection*.159}% 160
\BOOKMARK [4][-]{paragraph*.164}{\376\377\000L\000e\000g\000a\000c\000y\000E\000B\000O}{subsubsection*.159}% 161
\BOOKMARK [2][-]{subsection.6.7.3}{\376\377\000B\000a\000s\000e\000\040\000C\000l\000a\000s\000s\000e\000s}{section.6.7}% 162
\BOOKMARK [3][-]{subsubsection*.165}{\376\377\000V\000e\000r\000t\000e\000x\000B\000a\000s\000e}{subsection.6.7.3}% 163
\BOOKMARK [3][-]{subsubsection*.173}{\376\377\000V\000e\000r\000t\000e\000x\000B\000u\000f\000f\000e\000r}{subsection.6.7.3}% 164
\BOOKMARK [2][-]{subsection.6.7.4}{\376\377\000D\000a\000t\000a\000\040\000S\000t\000r\000u\000c\000t\000u\000r\000e\000s}{section.6.7}% 165
\BOOKMARK [3][-]{subsubsection*.174}{\376\377\000L\000a\000y\000o\000u\000t\000D\000e\000s\000c\000r\000i\000p\000t\000o\000r}{subsection.6.7.4}% 166
\BOOKMARK [3][-]{subsubsection*.178}{\376\377\000A\000t\000t\000r\000i\000b\000u\000t\000e\000S\000p\000e\000c}{subsection.6.7.4}% 167
\BOOKMARK [2][-]{subsection.6.7.5}{\376\377\000B\000u\000f\000f\000e\000r\000\040\000M\000a\000n\000a\000g\000e\000m\000e\000n\000t}{section.6.7}% 168
\BOOKMARK [3][-]{subsubsection*.188}{\376\377\000C\000r\000e\000a\000t\000i\000n\000g\000\040\000B\000u\000f\000f\000e\000r\000s}{subsection.6.7.5}% 169
\BOOKMARK [3][-]{subsubsection*.189}{\376\377\000B\000i\000n\000d\000i\000n\000g\000\040\000B\000u\000f\000f\000e\000r\000s}{subsection.6.7.5}% 170
\BOOKMARK [2][-]{subsection.6.7.6}{\376\377\000B\000u\000f\000f\000e\000r\000\040\000T\000y\000p\000e\000s}{section.6.7}% 171
\BOOKMARK [3][-]{subsubsection*.190}{\376\377\000V\000e\000r\000t\000e\000x\000\040\000B\000u\000f\000f\000e\000r\000s}{subsection.6.7.6}% 172
\BOOKMARK [3][-]{subsubsection*.191}{\376\377\000E\000l\000e\000m\000e\000n\000t\000\040\000B\000u\000f\000f\000e\000r\000s}{subsection.6.7.6}% 173
\BOOKMARK [2][-]{subsection.6.7.7}{\376\377\000B\000u\000f\000f\000e\000r\000\040\000O\000p\000e\000r\000a\000t\000i\000o\000n\000s}{section.6.7}% 174
\BOOKMARK [3][-]{subsubsection*.192}{\376\377\000U\000p\000l\000o\000a\000d\000i\000n\000g\000\040\000D\000a\000t\000a}{subsection.6.7.7}% 175
\BOOKMARK [3][-]{subsubsection*.193}{\376\377\000D\000r\000a\000w\000i\000n\000g}{subsection.6.7.7}% 176
\BOOKMARK [3][-]{subsubsection*.194}{\376\377\000C\000l\000e\000a\000n\000u\000p}{subsection.6.7.7}% 177
\BOOKMARK [2][-]{subsection.6.7.8}{\376\377\000E\000r\000r\000o\000r\000\040\000H\000a\000n\000d\000l\000i\000n\000g}{section.6.7}% 178
\BOOKMARK [2][-]{subsection.6.7.9}{\376\377\000P\000e\000r\000f\000o\000r\000m\000a\000n\000c\000e\000\040\000C\000o\000n\000s\000i\000d\000e\000r\000a\000t\000i\000o\000n\000s}{section.6.7}% 179
\BOOKMARK [2][-]{subsection.6.7.10}{\376\377\000B\000e\000s\000t\000\040\000P\000r\000a\000c\000t\000i\000c\000e\000s}{section.6.7}% 180
\BOOKMARK [1][-]{section.6.8}{\376\377\000S\000h\000a\000d\000e\000r\000s\000\040\000A\000P\000I}{chapter.6}% 181
\BOOKMARK [2][-]{subsection.6.8.1}{\376\377\000C\000o\000r\000e\000\040\000C\000l\000a\000s\000s\000e\000s}{section.6.8}% 182
\BOOKMARK [3][-]{subsubsection*.195}{\376\377\000S\000h\000a\000d\000e\000r\000P\000r\000o\000g\000r\000a\000m}{subsection.6.8.1}% 183
\BOOKMARK [3][-]{subsubsection*.212}{\376\377\000S\000h\000a\000d\000e\000r\000M\000a\000n\000a\000g\000e\000r}{subsection.6.8.1}% 184
\BOOKMARK [2][-]{subsection.6.8.2}{\376\377\000S\000h\000a\000d\000e\000r\000\040\000T\000y\000p\000e\000s}{section.6.8}% 185
\BOOKMARK [3][-]{subsubsection*.213}{\376\377\000S\000h\000a\000d\000e\000r\000T\000y\000p\000e}{subsection.6.8.2}% 186
\BOOKMARK [2][-]{subsection.6.8.3}{\376\377\000S\000h\000a\000d\000e\000r\000\040\000C\000o\000m\000p\000i\000l\000a\000t\000i\000o\000n}{section.6.8}% 187
\BOOKMARK [3][-]{subsubsection*.226}{\376\377\000C\000o\000m\000p\000i\000l\000e\000\040\000S\000h\000a\000d\000e\000r\000s}{subsection.6.8.3}% 188
\BOOKMARK [3][-]{subsubsection*.228}{\376\377\000L\000o\000a\000d\000\040\000S\000h\000a\000d\000e\000r\000s}{subsection.6.8.3}% 189
\BOOKMARK [2][-]{subsection.6.8.4}{\376\377\000U\000n\000i\000f\000o\000r\000m\000\040\000M\000a\000n\000a\000g\000e\000m\000e\000n\000t}{section.6.8}% 190
\BOOKMARK [3][-]{subsubsection*.230}{\376\377\000S\000h\000a\000d\000e\000r\000U\000n\000i\000f\000o\000r\000m}{subsection.6.8.4}% 191
\BOOKMARK [3][-]{subsubsection*.239}{\376\377\000U\000n\000i\000f\000o\000r\000m\000\040\000T\000y\000p\000e\000s}{subsection.6.8.4}% 192
\BOOKMARK [2][-]{subsection.6.8.5}{\376\377\000B\000u\000i\000l\000t\000-\000i\000n\000\040\000S\000h\000a\000d\000e\000r\000s}{section.6.8}% 193
\BOOKMARK [3][-]{subsubsection*.240}{\376\377\000B\000a\000s\000i\000c\000\040\000C\000o\000l\000o\000r\000\040\000S\000h\000a\000d\000e\000r}{subsection.6.8.5}% 194
\BOOKMARK [3][-]{subsubsection*.241}{\376\377\000T\000e\000x\000t\000u\000r\000e\000\040\000S\000h\000a\000d\000e\000r}{subsection.6.8.5}% 195
\BOOKMARK [3][-]{subsubsection*.242}{\376\377\000L\000i\000g\000h\000t\000i\000n\000g\000\040\000S\000h\000a\000d\000e\000r}{subsection.6.8.5}% 196
\BOOKMARK [3][-]{subsubsection*.243}{\376\377\000F\000a\000l\000l\000b\000a\000c\000k\000\040\000S\000h\000a\000d\000e\000r\000s}{subsection.6.8.5}% 197
\BOOKMARK [2][-]{subsection.6.8.6}{\376\377\000S\000h\000a\000d\000e\000r\000\040\000U\000s\000a\000g\000e}{section.6.8}% 198
\BOOKMARK [3][-]{subsubsection*.244}{\376\377\000C\000r\000e\000a\000t\000i\000n\000g\000\040\000S\000h\000a\000d\000e\000r\000\040\000P\000r\000o\000g\000r\000a\000m\000s}{subsection.6.8.6}% 199
\BOOKMARK [3][-]{subsubsection*.245}{\376\377\000U\000s\000i\000n\000g\000\040\000S\000h\000a\000d\000e\000r\000s}{subsection.6.8.6}% 200
\BOOKMARK [2][-]{subsection.6.8.7}{\376\377\000E\000r\000r\000o\000r\000\040\000H\000a\000n\000d\000l\000i\000n\000g}{section.6.8}% 201
\BOOKMARK [2][-]{subsection.6.8.8}{\376\377\000P\000e\000r\000f\000o\000r\000m\000a\000n\000c\000e\000\040\000C\000o\000n\000s\000i\000d\000e\000r\000a\000t\000i\000o\000n\000s}{section.6.8}% 202
\BOOKMARK [2][-]{subsection.6.8.9}{\376\377\000B\000e\000s\000t\000\040\000P\000r\000a\000c\000t\000i\000c\000e\000s}{section.6.8}% 203
\BOOKMARK [1][-]{section.6.9}{\376\377\000U\000I\000\040\000A\000P\000I}{chapter.6}% 204
\BOOKMARK [2][-]{subsection.6.9.1}{\376\377\000C\000o\000r\000e\000\040\000C\000l\000a\000s\000s\000e\000s}{section.6.9}% 205
\BOOKMARK [3][-]{subsubsection*.246}{\376\377\000A\000b\000s\000t\000r\000a\000c\000t\000G\000L\000W\000i\000n\000d\000o\000w}{subsection.6.9.1}% 206
\BOOKMARK [2][-]{subsection.6.9.2}{\376\377\000W\000i\000n\000d\000o\000w\000\040\000B\000a\000c\000k\000e\000n\000d\000s}{section.6.9}% 207
\BOOKMARK [3][-]{subsubsection*.259}{\376\377\000G\000L\000U\000T\000\040\000B\000a\000c\000k\000e\000n\000d}{subsection.6.9.2}% 208
\BOOKMARK [4][-]{paragraph*.260}{\376\377\000G\000L\000W\000i\000n\000d\000o\000w}{subsubsection*.259}% 209
\BOOKMARK [4][-]{paragraph*.275}{\376\377\000G\000l\000u\000t\000R\000e\000n\000d\000e\000r\000e\000r\000W\000i\000n\000d\000o\000w}{subsubsection*.259}% 210
\BOOKMARK [4][-]{paragraph*.287}{\376\377\000R\000e\000n\000d\000e\000r\000W\000i\000n\000d\000o\000w}{subsubsection*.259}% 211
\BOOKMARK [4][-]{paragraph*.291}{\376\377\000T\000e\000x\000t\000u\000r\000e\000W\000i\000n\000d\000o\000w}{subsubsection*.259}% 212
\BOOKMARK [3][-]{subsubsection*.294}{\376\377\000Q\000t\000\040\000B\000a\000c\000k\000e\000n\000d}{subsection.6.9.2}% 213
\BOOKMARK [4][-]{paragraph*.295}{\376\377\000G\000L\000B\000a\000s\000e}{subsubsection*.294}% 214
\BOOKMARK [2][-]{subsection.6.9.3}{\376\377\000I\000n\000p\000u\000t\000\040\000H\000a\000n\000d\000l\000i\000n\000g}{section.6.9}% 215
\BOOKMARK [3][-]{subsubsection*.296}{\376\377\000M\000o\000u\000s\000e\000\040\000I\000n\000p\000u\000t}{subsection.6.9.3}% 216
\BOOKMARK [3][-]{subsubsection*.297}{\376\377\000K\000e\000y\000b\000o\000a\000r\000d\000\040\000I\000n\000p\000u\000t}{subsection.6.9.3}% 217
\BOOKMARK [2][-]{subsection.6.9.4}{\376\377\000W\000i\000n\000d\000o\000w\000\040\000M\000a\000n\000a\000g\000e\000m\000e\000n\000t}{section.6.9}% 218
\BOOKMARK [3][-]{subsubsection*.298}{\376\377\000C\000r\000e\000a\000t\000i\000n\000g\000\040\000W\000i\000n\000d\000o\000w\000s}{subsection.6.9.4}% 219
\BOOKMARK [3][-]{subsubsection*.299}{\376\377\000W\000i\000n\000d\000o\000w\000\040\000P\000r\000o\000p\000e\000r\000t\000i\000e\000s}{subsection.6.9.4}% 220
\BOOKMARK [2][-]{subsection.6.9.5}{\376\377\000R\000e\000n\000d\000e\000r\000i\000n\000g\000\040\000L\000o\000o\000p}{section.6.9}% 221
\BOOKMARK [3][-]{subsubsection*.300}{\376\377\000D\000i\000s\000p\000l\000a\000y\000\040\000F\000u\000n\000c\000t\000i\000o\000n}{subsection.6.9.5}% 222
\BOOKMARK [3][-]{subsubsection*.301}{\376\377\000R\000e\000s\000i\000z\000e\000\040\000H\000a\000n\000d\000l\000i\000n\000g}{subsection.6.9.5}% 223
\BOOKMARK [2][-]{subsection.6.9.6}{\376\377\000E\000v\000e\000n\000t\000\040\000H\000a\000n\000d\000l\000i\000n\000g}{section.6.9}% 224
\BOOKMARK [3][-]{subsubsection*.302}{\376\377\000E\000v\000e\000n\000t\000\040\000L\000o\000o\000p}{subsection.6.9.6}% 225
\BOOKMARK [3][-]{subsubsection*.303}{\376\377\000T\000i\000m\000e\000r\000\040\000E\000v\000e\000n\000t\000s}{subsection.6.9.6}% 226
\BOOKMARK [2][-]{subsection.6.9.7}{\376\377\000P\000l\000a\000t\000f\000o\000r\000m\000-\000S\000p\000e\000c\000i\000f\000i\000c\000\040\000F\000e\000a\000t\000u\000r\000e\000s}{section.6.9}% 227
\BOOKMARK [3][-]{subsubsection*.304}{\376\377\000m\000a\000c\000O\000S}{subsection.6.9.7}% 228
\BOOKMARK [3][-]{subsubsection*.305}{\376\377\000W\000i\000n\000d\000o\000w\000s}{subsection.6.9.7}% 229
\BOOKMARK [3][-]{subsubsection*.306}{\376\377\000L\000i\000n\000u\000x}{subsection.6.9.7}% 230
\BOOKMARK [2][-]{subsection.6.9.8}{\376\377\000E\000r\000r\000o\000r\000\040\000H\000a\000n\000d\000l\000i\000n\000g}{section.6.9}% 231
\BOOKMARK [3][-]{subsubsection*.307}{\376\377\000W\000i\000n\000d\000o\000w\000\040\000C\000r\000e\000a\000t\000i\000o\000n\000\040\000E\000r\000r\000o\000r\000s}{subsection.6.9.8}% 232
\BOOKMARK [3][-]{subsubsection*.308}{\376\377\000I\000n\000p\000u\000t\000\040\000E\000r\000r\000o\000r\000s}{subsection.6.9.8}% 233
\BOOKMARK [2][-]{subsection.6.9.9}{\376\377\000P\000e\000r\000f\000o\000r\000m\000a\000n\000c\000e\000\040\000C\000o\000n\000s\000i\000d\000e\000r\000a\000t\000i\000o\000n\000s}{section.6.9}% 234
\BOOKMARK [2][-]{subsection.6.9.10}{\376\377\000B\000e\000s\000t\000\040\000P\000r\000a\000c\000t\000i\000c\000e\000s}{section.6.9}% 235
\BOOKMARK [1][-]{section.6.10}{\376\377\000U\000t\000i\000l\000s\000\040\000A\000P\000I}{chapter.6}% 236
\BOOKMARK [2][-]{subsection.6.10.1}{\376\377\000C\000o\000r\000e\000\040\000C\000l\000a\000s\000s\000e\000s}{section.6.10}% 237
\BOOKMARK [3][-]{subsubsection*.309}{\376\377\000O\000b\000j\000e\000c\000t\000L\000o\000a\000d\000e\000r}{subsection.6.10.1}% 238
\BOOKMARK [3][-]{subsubsection*.315}{\376\377\000T\000e\000x\000t\000u\000r\000e\000L\000o\000a\000d\000e\000r}{subsection.6.10.1}% 239
\BOOKMARK [2][-]{subsection.6.10.2}{\376\377\000H\000e\000l\000p\000e\000r\000\040\000F\000u\000n\000c\000t\000i\000o\000n\000s}{section.6.10}% 240
\BOOKMARK [3][-]{subsubsection*.321}{\376\377\000G\000L\000\040\000I\000n\000i\000t\000i\000a\000l\000i\000z\000a\000t\000i\000o\000n}{subsection.6.10.2}% 241
\BOOKMARK [3][-]{subsubsection*.325}{\376\377\000T\000e\000x\000t\000u\000r\000e\000\040\000U\000t\000i\000l\000i\000t\000i\000e\000s}{subsection.6.10.2}% 242
\BOOKMARK [3][-]{subsubsection*.327}{\376\377\000N\000o\000r\000m\000a\000l\000\040\000G\000e\000n\000e\000r\000a\000t\000i\000o\000n}{subsection.6.10.2}% 243
\BOOKMARK [3][-]{subsubsection*.328}{\376\377\000R\000e\000s\000h\000a\000p\000e\000\040\000U\000t\000i\000l\000i\000t\000i\000e\000s}{subsection.6.10.2}% 244
\BOOKMARK [2][-]{subsection.6.10.3}{\376\377\000D\000a\000t\000a\000\040\000L\000o\000a\000d\000i\000n\000g}{section.6.10}% 245
\BOOKMARK [3][-]{subsubsection*.329}{\376\377\000O\000B\000J\000\040\000F\000i\000l\000e\000\040\000L\000o\000a\000d\000i\000n\000g}{subsection.6.10.3}% 246
\BOOKMARK [3][-]{subsubsection*.330}{\376\377\000T\000e\000x\000t\000u\000r\000e\000\040\000L\000o\000a\000d\000i\000n\000g}{subsection.6.10.3}% 247
\BOOKMARK [2][-]{subsection.6.10.4}{\376\377\000D\000a\000t\000a\000\040\000P\000r\000o\000c\000e\000s\000s\000i\000n\000g}{section.6.10}% 248
\BOOKMARK [3][-]{subsubsection*.331}{\376\377\000M\000e\000s\000h\000\040\000D\000a\000t\000a\000\040\000P\000r\000o\000c\000e\000s\000s\000i\000n\000g}{subsection.6.10.4}% 249
\BOOKMARK [3][-]{subsubsection*.332}{\376\377\000T\000e\000x\000t\000u\000r\000e\000\040\000P\000r\000o\000c\000e\000s\000s\000i\000n\000g}{subsection.6.10.4}% 250
\BOOKMARK [2][-]{subsection.6.10.5}{\376\377\000F\000i\000l\000e\000\040\000M\000a\000n\000a\000g\000e\000m\000e\000n\000t}{section.6.10}% 251
\BOOKMARK [3][-]{subsubsection*.333}{\376\377\000P\000a\000t\000h\000\040\000H\000a\000n\000d\000l\000i\000n\000g}{subsection.6.10.5}% 252
\BOOKMARK [2][-]{subsection.6.10.6}{\376\377\000E\000r\000r\000o\000r\000\040\000H\000a\000n\000d\000l\000i\000n\000g}{section.6.10}% 253
\BOOKMARK [3][-]{subsubsection*.334}{\376\377\000L\000o\000a\000d\000i\000n\000g\000\040\000E\000r\000r\000o\000r\000s}{subsection.6.10.6}% 254
\BOOKMARK [2][-]{subsection.6.10.7}{\376\377\000P\000e\000r\000f\000o\000r\000m\000a\000n\000c\000e\000\040\000C\000o\000n\000s\000i\000d\000e\000r\000a\000t\000i\000o\000n\000s}{section.6.10}% 255
\BOOKMARK [2][-]{subsection.6.10.8}{\376\377\000B\000e\000s\000t\000\040\000P\000r\000a\000c\000t\000i\000c\000e\000s}{section.6.10}% 256
\BOOKMARK [1][-]{section.6.11}{\376\377\000D\000e\000v\000e\000l\000o\000p\000m\000e\000n\000t}{chapter.6}% 257
\BOOKMARK [2][-]{subsection.6.11.1}{\376\377\000P\000r\000o\000j\000e\000c\000t\000\040\000S\000t\000r\000u\000c\000t\000u\000r\000e}{section.6.11}% 258
\BOOKMARK [2][-]{subsection.6.11.2}{\376\377\000A\000r\000c\000h\000i\000t\000e\000c\000t\000u\000r\000e\000\040\000O\000v\000e\000r\000v\000i\000e\000w}{section.6.11}% 259
\BOOKMARK [2][-]{subsection.6.11.3}{\376\377\000D\000e\000s\000i\000g\000n\000\040\000P\000r\000i\000n\000c\000i\000p\000l\000e\000s}{section.6.11}% 260
\BOOKMARK [2][-]{subsection.6.11.4}{\376\377\000B\000a\000c\000k\000e\000n\000d\000\040\000S\000y\000s\000t\000e\000m}{section.6.11}% 261
\BOOKMARK [3][-]{subsubsection*.335}{\376\377\000M\000o\000d\000e\000r\000n\000\040\000B\000a\000c\000k\000e\000n\000d}{subsection.6.11.4}% 262
\BOOKMARK [3][-]{subsubsection*.336}{\376\377\000L\000e\000g\000a\000c\000y\000\040\000B\000a\000c\000k\000e\000n\000d}{subsection.6.11.4}% 263
\BOOKMARK [3][-]{subsubsection*.337}{\376\377\000B\000a\000c\000k\000e\000n\000d\000\040\000S\000e\000l\000e\000c\000t\000i\000o\000n}{subsection.6.11.4}% 264
\BOOKMARK [2][-]{subsection.6.11.5}{\376\377\000T\000e\000s\000t\000i\000n\000g\000\040\000F\000r\000a\000m\000e\000w\000o\000r\000k}{section.6.11}% 265
\BOOKMARK [3][-]{subsubsection*.338}{\376\377\000U\000n\000i\000t\000\040\000T\000e\000s\000t\000s}{subsection.6.11.5}% 266
\BOOKMARK [3][-]{subsubsection*.339}{\376\377\000I\000n\000t\000e\000g\000r\000a\000t\000i\000o\000n\000\040\000T\000e\000s\000t\000s}{subsection.6.11.5}% 267
\BOOKMARK [2][-]{subsection.6.11.6}{\376\377\000B\000u\000i\000l\000d\000\040\000S\000y\000s\000t\000e\000m}{section.6.11}% 268
\BOOKMARK [3][-]{subsubsection*.340}{\376\377\000S\000e\000t\000u\000p\000\040\000C\000o\000n\000f\000i\000g\000u\000r\000a\000t\000i\000o\000n}{subsection.6.11.6}% 269
\BOOKMARK [3][-]{subsubsection*.341}{\376\377\000D\000e\000v\000e\000l\000o\000p\000m\000e\000n\000t\000\040\000D\000e\000p\000e\000n\000d\000e\000n\000c\000i\000e\000s}{subsection.6.11.6}% 270
\BOOKMARK [2][-]{subsection.6.11.7}{\376\377\000C\000o\000d\000e\000\040\000S\000t\000y\000l\000e}{section.6.11}% 271
\BOOKMARK [3][-]{subsubsection*.342}{\376\377\000F\000o\000r\000m\000a\000t\000t\000i\000n\000g}{subsection.6.11.7}% 272
\BOOKMARK [3][-]{subsubsection*.343}{\376\377\000L\000i\000n\000t\000i\000n\000g}{subsection.6.11.7}% 273
\BOOKMARK [3][-]{subsubsection*.344}{\376\377\000T\000y\000p\000e\000\040\000C\000h\000e\000c\000k\000i\000n\000g}{subsection.6.11.7}% 274
\BOOKMARK [2][-]{subsection.6.11.8}{\376\377\000D\000o\000c\000u\000m\000e\000n\000t\000a\000t\000i\000o\000n}{section.6.11}% 275
\BOOKMARK [3][-]{subsubsection*.345}{\376\377\000S\000p\000h\000i\000n\000x\000\040\000C\000o\000n\000f\000i\000g\000u\000r\000a\000t\000i\000o\000n}{subsection.6.11.8}% 276
\BOOKMARK [3][-]{subsubsection*.346}{\376\377\000D\000o\000c\000s\000t\000r\000i\000n\000g\000\040\000S\000t\000y\000l\000e}{subsection.6.11.8}% 277
\BOOKMARK [2][-]{subsection.6.11.9}{\376\377\000C\000o\000n\000t\000r\000i\000b\000u\000t\000i\000n\000g}{section.6.11}% 278
\BOOKMARK [3][-]{subsubsection*.347}{\376\377\000G\000e\000t\000t\000i\000n\000g\000\040\000S\000t\000a\000r\000t\000e\000d}{subsection.6.11.9}% 279
\BOOKMARK [3][-]{subsubsection*.348}{\376\377\000C\000o\000d\000e\000\040\000R\000e\000v\000i\000e\000w\000\040\000P\000r\000o\000c\000e\000s\000s}{subsection.6.11.9}% 280
\BOOKMARK [2][-]{subsection.6.11.10}{\376\377\000R\000e\000l\000e\000a\000s\000e\000\040\000P\000r\000o\000c\000e\000s\000s}{section.6.11}% 281
\BOOKMARK [3][-]{subsubsection*.349}{\376\377\000V\000e\000r\000s\000i\000o\000n\000\040\000N\000u\000m\000b\000e\000r\000i\000n\000g}{subsection.6.11.10}% 282
\BOOKMARK [3][-]{subsubsection*.350}{\376\377\000R\000e\000l\000e\000a\000s\000e\000\040\000S\000t\000e\000p\000s}{subsection.6.11.10}% 283
\BOOKMARK [2][-]{subsection.6.11.11}{\376\377\000P\000e\000r\000f\000o\000r\000m\000a\000n\000c\000e\000\040\000C\000o\000n\000s\000i\000d\000e\000r\000a\000t\000i\000o\000n\000s}{section.6.11}% 284
\BOOKMARK [3][-]{subsubsection*.351}{\376\377\000R\000e\000n\000d\000e\000r\000i\000n\000g\000\040\000P\000e\000r\000f\000o\000r\000m\000a\000n\000c\000e}{subsection.6.11.11}% 285
\BOOKMARK [3][-]{subsubsection*.352}{\376\377\000M\000e\000m\000o\000r\000y\000\040\000M\000a\000n\000a\000g\000e\000m\000e\000n\000t}{subsection.6.11.11}% 286
\BOOKMARK [2][-]{subsection.6.11.12}{\376\377\000D\000e\000b\000u\000g\000g\000i\000n\000g}{section.6.11}% 287
\BOOKMARK [3][-]{subsubsection*.353}{\376\377\000O\000p\000e\000n\000G\000L\000\040\000D\000e\000b\000u\000g\000g\000i\000n\000g}{subsection.6.11.12}% 288
\BOOKMARK [2][-]{subsection.6.11.13}{\376\377\000C\000o\000m\000m\000o\000n\000\040\000I\000s\000s\000u\000e\000s}{section.6.11}% 289
\BOOKMARK [1][-]{section.6.12}{\376\377\000T\000e\000s\000t\000i\000n\000g}{chapter.6}% 290
\BOOKMARK [2][-]{subsection.6.12.1}{\376\377\000T\000e\000s\000t\000\040\000S\000t\000r\000u\000c\000t\000u\000r\000e}{section.6.12}% 291
\BOOKMARK [2][-]{subsection.6.12.2}{\376\377\000R\000u\000n\000n\000i\000n\000g\000\040\000T\000e\000s\000t\000s}{section.6.12}% 292
\BOOKMARK [3][-]{subsubsection*.354}{\376\377\000B\000a\000s\000i\000c\000\040\000T\000e\000s\000t\000\040\000E\000x\000e\000c\000u\000t\000i\000o\000n}{subsection.6.12.2}% 293
\BOOKMARK [3][-]{subsubsection*.355}{\376\377\000U\000s\000i\000n\000g\000\040\000p\000y\000t\000e\000s\000t}{subsection.6.12.2}% 294
\BOOKMARK [2][-]{subsection.6.12.3}{\376\377\000T\000e\000s\000t\000\040\000C\000a\000t\000e\000g\000o\000r\000i\000e\000s}{section.6.12}% 295
\BOOKMARK [3][-]{subsubsection*.356}{\376\377\000U\000n\000i\000t\000\040\000T\000e\000s\000t\000s}{subsection.6.12.3}% 296
\BOOKMARK [3][-]{subsubsection*.357}{\376\377\000I\000n\000t\000e\000g\000r\000a\000t\000i\000o\000n\000\040\000T\000e\000s\000t\000s}{subsection.6.12.3}% 297
\BOOKMARK [3][-]{subsubsection*.358}{\376\377\000P\000e\000r\000f\000o\000r\000m\000a\000n\000c\000e\000\040\000T\000e\000s\000t\000s}{subsection.6.12.3}% 298
\BOOKMARK [3][-]{subsubsection*.359}{\376\377\000C\000o\000m\000p\000a\000t\000i\000b\000i\000l\000i\000t\000y\000\040\000T\000e\000s\000t\000s}{subsection.6.12.3}% 299
\BOOKMARK [2][-]{subsection.6.12.4}{\376\377\000T\000e\000s\000t\000\040\000M\000o\000c\000k\000i\000n\000g}{section.6.12}% 300
\BOOKMARK [3][-]{subsubsection*.360}{\376\377\000O\000p\000e\000n\000G\000L\000\040\000M\000o\000c\000k\000i\000n\000g}{subsection.6.12.4}% 301
\BOOKMARK [3][-]{subsubsection*.361}{\376\377\000D\000e\000p\000e\000n\000d\000e\000n\000c\000y\000\040\000M\000o\000c\000k\000i\000n\000g}{subsection.6.12.4}% 302
\BOOKMARK [2][-]{subsection.6.12.5}{\376\377\000T\000e\000s\000t\000\040\000D\000a\000t\000a}{section.6.12}% 303
\BOOKMARK [3][-]{subsubsection*.362}{\376\377\000T\000e\000s\000t\000\040\000F\000i\000x\000t\000u\000r\000e\000s}{subsection.6.12.5}% 304
\BOOKMARK [3][-]{subsubsection*.363}{\376\377\000T\000e\000s\000t\000\040\000U\000t\000i\000l\000i\000t\000i\000e\000s}{subsection.6.12.5}% 305
\BOOKMARK [2][-]{subsection.6.12.6}{\376\377\000C\000o\000n\000t\000i\000n\000u\000o\000u\000s\000\040\000I\000n\000t\000e\000g\000r\000a\000t\000i\000o\000n}{section.6.12}% 306
\BOOKMARK [3][-]{subsubsection*.364}{\376\377\000G\000i\000t\000H\000u\000b\000\040\000A\000c\000t\000i\000o\000n\000s}{subsection.6.12.6}% 307
\BOOKMARK [2][-]{subsection.6.12.7}{\376\377\000T\000e\000s\000t\000\040\000C\000o\000v\000e\000r\000a\000g\000e}{section.6.12}% 308
\BOOKMARK [3][-]{subsubsection*.365}{\376\377\000C\000o\000v\000e\000r\000a\000g\000e\000\040\000R\000e\000q\000u\000i\000r\000e\000m\000e\000n\000t\000s}{subsection.6.12.7}% 309
\BOOKMARK [2][-]{subsection.6.12.8}{\376\377\000C\000o\000d\000e\000\040\000Q\000u\000a\000l\000i\000t\000y}{section.6.12}% 310
\BOOKMARK [3][-]{subsubsection*.366}{\376\377\000L\000i\000n\000t\000i\000n\000g}{subsection.6.12.8}% 311
\BOOKMARK [3][-]{subsubsection*.367}{\376\377\000T\000y\000p\000e\000\040\000C\000h\000e\000c\000k\000i\000n\000g}{subsection.6.12.8}% 312
\BOOKMARK [3][-]{subsubsection*.368}{\376\377\000F\000o\000r\000m\000a\000t\000t\000i\000n\000g}{subsection.6.12.8}% 313
\BOOKMARK [2][-]{subsection.6.12.9}{\376\377\000T\000e\000s\000t\000\040\000B\000e\000s\000t\000\040\000P\000r\000a\000c\000t\000i\000c\000e\000s}{section.6.12}% 314
\BOOKMARK [3][-]{subsubsection*.369}{\376\377\000W\000r\000i\000t\000i\000n\000g\000\040\000T\000e\000s\000t\000s}{subsection.6.12.9}% 315
\BOOKMARK [3][-]{subsubsection*.370}{\376\377\000T\000e\000s\000t\000\040\000M\000a\000i\000n\000t\000e\000n\000a\000n\000c\000e}{subsection.6.12.9}% 316
\BOOKMARK [3][-]{subsubsection*.371}{\376\377\000D\000e\000b\000u\000g\000g\000i\000n\000g\000\040\000T\000e\000s\000t\000s}{subsection.6.12.9}% 317
\BOOKMARK [1][-]{section.6.13}{\376\377\000C\000o\000n\000t\000r\000i\000b\000u\000t\000i\000n\000g}{chapter.6}% 318
\BOOKMARK [2][-]{subsection.6.13.1}{\376\377\000G\000e\000t\000t\000i\000n\000g\000\040\000S\000t\000a\000r\000t\000e\000d}{section.6.13}% 319
\BOOKMARK [3][-]{subsubsection*.372}{\376\377\000P\000r\000e\000r\000e\000q\000u\000i\000s\000i\000t\000e\000s}{subsection.6.13.1}% 320
\BOOKMARK [3][-]{subsubsection*.373}{\376\377\000F\000o\000r\000k\000\040\000a\000n\000d\000\040\000C\000l\000o\000n\000e}{subsection.6.13.1}% 321
\BOOKMARK [2][-]{subsection.6.13.2}{\376\377\000D\000e\000v\000e\000l\000o\000p\000m\000e\000n\000t\000\040\000S\000e\000t\000u\000p}{section.6.13}% 322
\BOOKMARK [3][-]{subsubsection*.374}{\376\377\000I\000n\000s\000t\000a\000l\000l\000\040\000D\000e\000p\000e\000n\000d\000e\000n\000c\000i\000e\000s}{subsection.6.13.2}% 323
\BOOKMARK [3][-]{subsubsection*.375}{\376\377\000S\000e\000t\000\040\000U\000p\000\040\000P\000r\000e\000-\000c\000o\000m\000m\000i\000t\000\040\000H\000o\000o\000k\000s}{subsection.6.13.2}% 324
\BOOKMARK [2][-]{subsection.6.13.3}{\376\377\000D\000e\000v\000e\000l\000o\000p\000m\000e\000n\000t\000\040\000W\000o\000r\000k\000f\000l\000o\000w}{section.6.13}% 325
\BOOKMARK [3][-]{subsubsection*.376}{\376\377\000M\000a\000k\000i\000n\000g\000\040\000C\000h\000a\000n\000g\000e\000s}{subsection.6.13.3}% 326
\BOOKMARK [2][-]{subsection.6.13.4}{\376\377\000C\000o\000d\000e\000\040\000S\000t\000y\000l\000e}{section.6.13}% 327
\BOOKMARK [3][-]{subsubsection*.377}{\376\377\000F\000o\000r\000m\000a\000t\000t\000i\000n\000g}{subsection.6.13.4}% 328
\BOOKMARK [3][-]{subsubsection*.378}{\376\377\000L\000i\000n\000t\000i\000n\000g}{subsection.6.13.4}% 329
\BOOKMARK [3][-]{subsubsection*.379}{\376\377\000T\000y\000p\000e\000\040\000C\000h\000e\000c\000k\000i\000n\000g}{subsection.6.13.4}% 330
\BOOKMARK [3][-]{subsubsection*.380}{\376\377\000D\000o\000c\000u\000m\000e\000n\000t\000a\000t\000i\000o\000n}{subsection.6.13.4}% 331
\BOOKMARK [2][-]{subsection.6.13.5}{\376\377\000T\000e\000s\000t\000i\000n\000g}{section.6.13}% 332
\BOOKMARK [3][-]{subsubsection*.381}{\376\377\000W\000r\000i\000t\000i\000n\000g\000\040\000T\000e\000s\000t\000s}{subsection.6.13.5}% 333
\BOOKMARK [3][-]{subsubsection*.382}{\376\377\000R\000u\000n\000n\000i\000n\000g\000\040\000T\000e\000s\000t\000s}{subsection.6.13.5}% 334
\BOOKMARK [3][-]{subsubsection*.383}{\376\377\000T\000e\000s\000t\000\040\000R\000e\000q\000u\000i\000r\000e\000m\000e\000n\000t\000s}{subsection.6.13.5}% 335
\BOOKMARK [2][-]{subsection.6.13.6}{\376\377\000D\000o\000c\000u\000m\000e\000n\000t\000a\000t\000i\000o\000n}{section.6.13}% 336
\BOOKMARK [3][-]{subsubsection*.384}{\376\377\000U\000p\000d\000a\000t\000i\000n\000g\000\040\000D\000o\000c\000u\000m\000e\000n\000t\000a\000t\000i\000o\000n}{subsection.6.13.6}% 337
\BOOKMARK [3][-]{subsubsection*.385}{\376\377\000B\000u\000i\000l\000d\000i\000n\000g\000\040\000D\000o\000c\000u\000m\000e\000n\000t\000a\000t\000i\000o\000n}{subsection.6.13.6}% 338
\BOOKMARK [2][-]{subsection.6.13.7}{\376\377\000P\000u\000l\000l\000\040\000R\000e\000q\000u\000e\000s\000t\000\040\000P\000r\000o\000c\000e\000s\000s}{section.6.13}% 339
\BOOKMARK [3][-]{subsubsection*.386}{\376\377\000C\000r\000e\000a\000t\000i\000n\000g\000\040\000P\000u\000l\000l\000\040\000R\000e\000q\000u\000e\000s\000t\000s}{subsection.6.13.7}% 340
\BOOKMARK [3][-]{subsubsection*.387}{\376\377\000P\000u\000l\000l\000\040\000R\000e\000q\000u\000e\000s\000t\000\040\000T\000e\000m\000p\000l\000a\000t\000e}{subsection.6.13.7}% 341
\BOOKMARK [3][-]{subsubsection*.388}{\376\377\000R\000e\000v\000i\000e\000w\000\040\000P\000r\000o\000c\000e\000s\000s}{subsection.6.13.7}% 342
\BOOKMARK [2][-]{subsection.6.13.8}{\376\377\000T\000y\000p\000e\000s\000\040\000o\000f\000\040\000C\000o\000n\000t\000r\000i\000b\000u\000t\000i\000o\000n\000s}{section.6.13}% 343
\BOOKMARK [3][-]{subsubsection*.389}{\376\377\000B\000u\000g\000\040\000F\000i\000x\000e\000s}{subsection.6.13.8}% 344
\BOOKMARK [3][-]{subsubsection*.390}{\376\377\000F\000e\000a\000t\000u\000r\000e\000\040\000R\000e\000q\000u\000e\000s\000t\000s}{subsection.6.13.8}% 345
\BOOKMARK [3][-]{subsubsection*.391}{\376\377\000D\000o\000c\000u\000m\000e\000n\000t\000a\000t\000i\000o\000n\000\040\000I\000m\000p\000r\000o\000v\000e\000m\000e\000n\000t\000s}{subsection.6.13.8}% 346
\BOOKMARK [3][-]{subsubsection*.392}{\376\377\000P\000e\000r\000f\000o\000r\000m\000a\000n\000c\000e\000\040\000I\000m\000p\000r\000o\000v\000e\000m\000e\000n\000t\000s}{subsection.6.13.8}% 347
\BOOKMARK [3][-]{subsubsection*.393}{\376\377\000C\000o\000d\000e\000\040\000Q\000u\000a\000l\000i\000t\000y\000\040\000I\000m\000p\000r\000o\000v\000e\000m\000e\000n\000t\000s}{subsection.6.13.8}% 348
\BOOKMARK [2][-]{subsection.6.13.9}{\376\377\000C\000o\000m\000m\000u\000n\000i\000t\000y\000\040\000G\000u\000i\000d\000e\000l\000i\000n\000e\000s}{section.6.13}% 349
\BOOKMARK [3][-]{subsubsection*.394}{\376\377\000C\000o\000d\000e\000\040\000o\000f\000\040\000C\000o\000n\000d\000u\000c\000t}{subsection.6.13.9}% 350
\BOOKMARK [3][-]{subsubsection*.395}{\376\377\000C\000o\000m\000m\000u\000n\000i\000c\000a\000t\000i\000o\000n}{subsection.6.13.9}% 351
\BOOKMARK [2][-]{subsection.6.13.10}{\376\377\000G\000e\000t\000t\000i\000n\000g\000\040\000H\000e\000l\000p}{section.6.13}% 352
\BOOKMARK [2][-]{subsection.6.13.11}{\376\377\000R\000e\000c\000o\000g\000n\000i\000t\000i\000o\000n}{section.6.13}% 353
\BOOKMARK [1][-]{section.6.14}{\376\377\000C\000h\000a\000n\000g\000e\000l\000o\000g}{chapter.6}% 354
\BOOKMARK [2][-]{subsection.6.14.1}{\376\377\000V\000e\000r\000s\000i\000o\000n\000\040\0001\000.\0000\000.\0000\000\040\000\050\0002\0000\0002\0005\000-\0000\0001\000-\0000\0006\000\051}{section.6.14}% 355
\BOOKMARK [0][-]{chapter.7}{\376\377\000I\000n\000d\000i\000c\000e\000s\000\040\000a\000n\000d\000\040\000t\000a\000b\000l\000e\000s}{}% 356
\BOOKMARK [0][-]{section*.396}{\376\377\000I\000n\000d\000e\000x}{}% 357
